2026-08-25T10:46:11.964038Z  INFO smart_dl_daemon::serve: 单实例锁已持有: "E:/Code/ai/smart-downloader/out/bugb/run-B-20260825-184610/daemon.lock"
2026-08-25T10:46:11.993010Z  INFO smart_dl_daemon::serve: [bugb] mock provider 注入直链: http://127.0.0.1:21667/mockfile.bin
2026-08-25T10:46:12.009152Z  INFO smart_dl_daemon::serve: [bugb] mock provider 延迟 Ready: 10s
2026-08-25T10:46:12.025717Z  INFO smart_dl_daemon::serve: 云兜底已启用（provider=mock，开发占位）
2026-08-25T10:46:12.080091Z  INFO smart_dl_daemon::serve: BT 引擎已启用, 落盘: "E:/Code/ai/smart-downloader/out/bugb/run-B-20260825-184610/downloads"
2026-08-25T10:46:12.092261Z  INFO smart_dl_daemon::serve: smart-dl-daemon 监听 127.0.0.1:18678
2026-08-25T10:46:12.221046Z  INFO smart_dl_daemon::bt: [bugb] bt add 注入直连 peer 127.0.0.1:17172 ih=a6453589c479ace6613048fb3c607a77495a3f7c
2026-08-25T10:46:12.222822Z  INFO smart_dl_daemon::state: [bugb] autosave BEGIN path="E:/Code/ai/smart-downloader/out/bugb/run-B-20260825-184610/tasks.json"
2026-08-25T10:46:12.224541Z  INFO smart_dl_daemon::state: [bugb] autosave END
2026-08-25T10:46:12.393646Z  INFO smart_dl_daemon::serve: [bugb] os-tick alive_ms=300 tasks_free=true
2026-08-25T10:46:12.597669Z  INFO smart_dl_daemon::bt_events: [bugb] alert-loop alive ticks=1 batch=0
2026-08-25T10:46:12.704140Z  INFO smart_dl_daemon::bt_events: [bugb] batch START n=0 tick=1
2026-08-25T10:46:12.825213Z  INFO smart_dl_daemon::bt_events: [bugb] batch END n=0
2026-08-25T10:46:12.994903Z  INFO smart_dl_daemon::serve: [bugb] os-tick alive_ms=902 tasks_free=true
2026-08-25T10:46:13.300985Z  INFO smart_dl_daemon::serve: [bugb] os-tick alive_ms=1208 tasks_free=true
2026-08-25T10:46:13.340273Z  INFO smart_dl_daemon::bt_events: [bugb] batch START n=88 tick=2
2026-08-25T10:46:13.341120Z  INFO smart_dl_daemon::state: [bugb] autosave BEGIN path="E:/Code/ai/smart-downloader/out/bugb/run-B-20260825-184610/tasks.json"
2026-08-25T10:46:13.358182Z  INFO smart_dl_daemon::state: [bugb] autosave END
2026-08-25T10:46:13.374645Z  INFO smart_dl_daemon::bt_events: [bugb] alert transition task=t1 Queued→Seeding msg=torrent finished
2026-08-25T10:46:13.391011Z  INFO smart_dl_daemon::bt_events: [bugb] batch END n=88
2026-08-25T10:46:13.606630Z  INFO smart_dl_daemon::serve: [bugb] os-tick alive_ms=1513 tasks_free=true
2026-08-25T10:46:13.654853Z  INFO smart_dl_daemon::bt: [bugb] bt::pause enter ih=a6453589c479ace6613048fb3c607a77495a3f7c
2026-08-25T10:46:13.662184Z  INFO smart_dl_daemon::bt: [bugb] fastresume request ih=a6453589c479ace6613048fb3c607a77495a3f7c
2026-08-25T10:46:13.678505Z  INFO smart_dl_daemon::bt: [bugb] fastresume ready ih=a6453589c479ace6613048fb3c607a77495a3f7c elapsed_ms=16
2026-08-25T10:46:13.680086Z  INFO smart_dl_daemon::bt: [bugb] bt::pause exit ih=a6453589c479ace6613048fb3c607a77495a3f7c elapsed_ms=25
2026-08-25T10:46:13.894219Z  INFO smart_dl_daemon::bt_events: [bugb] batch START n=0 tick=3
2026-08-25T10:46:13.910349Z  INFO smart_dl_daemon::serve: [bugb] os-tick alive_ms=1817 tasks_free=true
2026-08-25T10:46:14.029985Z  INFO smart_dl_daemon::bt_events: [bugb] batch END n=0
2026-08-25T10:46:14.096678Z  INFO smart_dl_daemon::serve: [bugb] watchdog alive uptime_ms=2003
2026-08-25T10:46:14.228116Z  INFO smart_dl_daemon::state: [bugb] fallback enter id=t1
2026-08-25T10:46:14.230418Z  INFO smart_dl_daemon::state: [bugb] fallback gate-passed id=t1 bt_progress=1.0000 → begin_fallback (2ms)
2026-08-25T10:46:14.331741Z  INFO smart_dl_daemon::serve: [bugb] os-tick alive_ms=2238 tasks_free=true
2026-08-25T10:46:14.556441Z  INFO smart_dl_daemon::bt_events: [bugb] batch START n=0 tick=4
2026-08-25T10:46:14.565436Z  INFO smart_dl_daemon::bt_events: [bugb] batch END n=0
2026-08-25T10:46:14.644207Z  INFO smart_dl_daemon::serve: [bugb] os-tick alive_ms=2551 tasks_free=true
2026-08-25T10:46:14.952312Z  INFO smart_dl_daemon::serve: [bugb] os-tick alive_ms=2859 tasks_free=true
2026-08-25T10:46:15.072765Z  INFO smart_dl_daemon::bt_events: [bugb] batch START n=0 tick=5
2026-08-25T10:46:15.102717Z  INFO smart_dl_daemon::bt_events: [bugb] batch END n=0
2026-08-25T10:46:15.257045Z  INFO smart_dl_daemon::serve: [bugb] os-tick alive_ms=3164 tasks_free=true
2026-08-25T10:46:15.607780Z  INFO smart_dl_daemon::bt_events: [bugb] batch START n=0 tick=6
2026-08-25T10:46:15.793276Z  INFO smart_dl_daemon::serve: [bugb] os-tick alive_ms=3700 tasks_free=true
2026-08-25T10:46:16.209514Z  INFO smart_dl_daemon::bt_events: [bugb] batch END n=0
2026-08-25T10:46:16.433901Z  INFO smart_dl_daemon::serve: [bugb] watchdog alive uptime_ms=4341
2026-08-25T10:46:16.692590Z  INFO smart_dl_daemon::serve: [bugb] os-tick alive_ms=4599 tasks_free=true
