2026-08-25T10:35:26.118474Z  INFO smart_dl_daemon::serve: 单实例锁已持有: "E:/Code/ai/smart-downloader/out/bugb/run-B-20260825-183524/daemon.lock"
2026-08-25T10:35:26.145624Z  INFO smart_dl_daemon::serve: [bugb] mock provider 注入直链: http://127.0.0.1:20072/mockfile.bin
2026-08-25T10:35:26.159397Z  INFO smart_dl_daemon::serve: [bugb] mock provider 延迟 Ready: 10s
2026-08-25T10:35:26.176872Z  INFO smart_dl_daemon::serve: 云兜底已启用（provider=mock，开发占位）
2026-08-25T10:35:26.236210Z  INFO smart_dl_daemon::serve: BT 引擎已启用, 落盘: "E:/Code/ai/smart-downloader/out/bugb/run-B-20260825-183524/downloads"
2026-08-25T10:35:26.239084Z  INFO smart_dl_daemon::serve: smart-dl-daemon 监听 127.0.0.1:18420
2026-08-25T10:35:26.541809Z  INFO smart_dl_daemon::serve: [bugb] os-tick alive_ms=302 tasks_free=true
2026-08-25T10:35:26.642114Z  INFO smart_dl_daemon::bt: [bugb] bt add 注入直连 peer 127.0.0.1:17092 ih=a6453589c479ace6613048fb3c607a77495a3f7c
2026-08-25T10:35:26.643281Z  INFO smart_dl_daemon::state: [bugb] autosave BEGIN path="E:/Code/ai/smart-downloader/out/bugb/run-B-20260825-183524/tasks.json"
2026-08-25T10:35:26.644888Z  INFO smart_dl_daemon::state: [bugb] autosave END
2026-08-25T10:35:26.740320Z  INFO smart_dl_daemon::bt_events: [bugb] alert-loop alive ticks=1 batch=0
2026-08-25T10:35:26.753341Z  INFO smart_dl_daemon::bt_events: [bugb] batch START n=0 tick=1
2026-08-25T10:35:26.770480Z  INFO smart_dl_daemon::bt_events: [bugb] batch END n=0
2026-08-25T10:35:26.843427Z  INFO smart_dl_daemon::serve: [bugb] os-tick alive_ms=603 tasks_free=true
2026-08-25T10:35:27.150138Z  INFO smart_dl_daemon::serve: [bugb] os-tick alive_ms=910 tasks_free=true
2026-08-25T10:35:27.281828Z  INFO smart_dl_daemon::bt_events: [bugb] batch START n=0 tick=2
2026-08-25T10:35:27.282589Z  INFO smart_dl_daemon::bt_events: [bugb] batch END n=0
2026-08-25T10:35:27.450900Z  INFO smart_dl_daemon::serve: [bugb] os-tick alive_ms=1211 tasks_free=true
2026-08-25T10:35:27.793110Z  INFO smart_dl_daemon::bt_events: [bugb] batch START n=66 tick=3
2026-08-25T10:35:27.806091Z  INFO smart_dl_daemon::state: [bugb] aba HIT id=t1 Queued → Seeding（锁内，随后 autosave）
2026-08-25T10:35:27.839187Z  INFO smart_dl_daemon::state: [bugb] autosave BEGIN path="E:/Code/ai/smart-downloader/out/bugb/run-B-20260825-183524/tasks.json"
2026-08-25T10:35:27.945916Z  INFO smart_dl_daemon::serve: [bugb] os-tick alive_ms=1706 tasks_free=false
2026-08-25T10:35:28.260022Z  INFO smart_dl_daemon::serve: [bugb] os-tick alive_ms=2020 tasks_free=false
2026-08-25T10:35:28.596709Z  INFO smart_dl_daemon::serve: [bugb] os-tick alive_ms=2357 tasks_free=false
2026-08-25T10:35:28.901381Z  INFO smart_dl_daemon::serve: [bugb] os-tick alive_ms=2661 tasks_free=false
2026-08-25T10:35:29.208965Z  INFO smart_dl_daemon::serve: [bugb] os-tick alive_ms=2969 tasks_free=false
2026-08-25T10:35:29.539902Z  INFO smart_dl_daemon::serve: [bugb] os-tick alive_ms=3300 tasks_free=false
2026-08-25T10:35:29.852571Z  INFO smart_dl_daemon::serve: [bugb] os-tick alive_ms=3612 tasks_free=false
2026-08-25T10:35:30.166288Z  INFO smart_dl_daemon::serve: [bugb] os-tick alive_ms=3926 tasks_free=false
2026-08-25T10:35:30.567494Z  INFO smart_dl_daemon::serve: [bugb] os-tick alive_ms=4327 tasks_free=false
2026-08-25T10:35:31.205698Z  INFO smart_dl_daemon::serve: [bugb] os-tick alive_ms=4966 tasks_free=false
2026-08-25T10:35:31.542991Z  INFO smart_dl_daemon::serve: [bugb] os-tick alive_ms=5303 tasks_free=false
2026-08-25T10:35:31.844803Z  INFO smart_dl_daemon::serve: [bugb] os-tick alive_ms=5605 tasks_free=false
2026-08-25T10:35:32.146716Z  INFO smart_dl_daemon::serve: [bugb] os-tick alive_ms=5907 tasks_free=false
2026-08-25T10:35:32.448288Z  INFO smart_dl_daemon::serve: [bugb] os-tick alive_ms=6208 tasks_free=false
2026-08-25T10:35:32.749877Z  INFO smart_dl_daemon::serve: [bugb] os-tick alive_ms=6510 tasks_free=false
2026-08-25T10:35:33.051256Z  INFO smart_dl_daemon::serve: [bugb] os-tick alive_ms=6811 tasks_free=false
2026-08-25T10:35:33.383679Z  INFO smart_dl_daemon::serve: [bugb] os-tick alive_ms=7144 tasks_free=false
2026-08-25T10:35:33.686050Z  INFO smart_dl_daemon::serve: [bugb] os-tick alive_ms=7446 tasks_free=false
2026-08-25T10:35:33.987718Z  INFO smart_dl_daemon::serve: [bugb] os-tick alive_ms=7748 tasks_free=false
2026-08-25T10:35:34.289406Z  INFO smart_dl_daemon::serve: [bugb] os-tick alive_ms=8049 tasks_free=false
2026-08-25T10:35:34.591181Z  INFO smart_dl_daemon::serve: [bugb] os-tick alive_ms=8351 tasks_free=false
2026-08-25T10:35:34.892517Z  INFO smart_dl_daemon::serve: [bugb] os-tick alive_ms=8652 tasks_free=false
2026-08-25T10:35:35.193861Z  INFO smart_dl_daemon::serve: [bugb] os-tick alive_ms=8954 tasks_free=false
2026-08-25T10:35:35.515528Z  INFO smart_dl_daemon::serve: [bugb] os-tick alive_ms=9275 tasks_free=false
2026-08-25T10:35:35.817159Z  INFO smart_dl_daemon::serve: [bugb] os-tick alive_ms=9577 tasks_free=false
2026-08-25T10:35:36.118840Z  INFO smart_dl_daemon::serve: [bugb] os-tick alive_ms=9879 tasks_free=false
2026-08-25T10:35:36.420651Z  INFO smart_dl_daemon::serve: [bugb] os-tick alive_ms=10181 tasks_free=false
2026-08-25T10:35:36.721985Z  INFO smart_dl_daemon::serve: [bugb] os-tick alive_ms=10482 tasks_free=false
2026-08-25T10:35:37.023359Z  INFO smart_dl_daemon::serve: [bugb] os-tick alive_ms=10783 tasks_free=false
2026-08-25T10:35:37.324770Z  INFO smart_dl_daemon::serve: [bugb] os-tick alive_ms=11085 tasks_free=false
2026-08-25T10:35:37.626060Z  INFO smart_dl_daemon::serve: [bugb] os-tick alive_ms=11386 tasks_free=false
2026-08-25T10:35:37.928880Z  INFO smart_dl_daemon::serve: [bugb] os-tick alive_ms=11689 tasks_free=false
2026-08-25T10:35:38.230581Z  INFO smart_dl_daemon::serve: [bugb] os-tick alive_ms=11991 tasks_free=false
2026-08-25T10:35:38.532016Z  INFO smart_dl_daemon::serve: [bugb] os-tick alive_ms=12292 tasks_free=false
2026-08-25T10:35:38.833584Z  INFO smart_dl_daemon::serve: [bugb] os-tick alive_ms=12594 tasks_free=false
2026-08-25T10:35:39.134924Z  INFO smart_dl_daemon::serve: [bugb] os-tick alive_ms=12895 tasks_free=false
2026-08-25T10:35:39.436092Z  INFO smart_dl_daemon::serve: [bugb] os-tick alive_ms=13196 tasks_free=false
2026-08-25T10:35:39.737154Z  INFO smart_dl_daemon::serve: [bugb] os-tick alive_ms=13497 tasks_free=false
2026-08-25T10:35:40.039281Z  INFO smart_dl_daemon::serve: [bugb] os-tick alive_ms=13799 tasks_free=false
2026-08-25T10:35:40.340454Z  INFO smart_dl_daemon::serve: [bugb] os-tick alive_ms=14100 tasks_free=false
2026-08-25T10:35:40.641580Z  INFO smart_dl_daemon::serve: [bugb] os-tick alive_ms=14402 tasks_free=false
2026-08-25T10:35:40.943148Z  INFO smart_dl_daemon::serve: [bugb] os-tick alive_ms=14703 tasks_free=false
2026-08-25T10:35:41.244802Z  INFO smart_dl_daemon::serve: [bugb] os-tick alive_ms=15005 tasks_free=false
2026-08-25T10:35:41.546333Z  INFO smart_dl_daemon::serve: [bugb] os-tick alive_ms=15306 tasks_free=false
2026-08-25T10:35:41.847930Z  INFO smart_dl_daemon::serve: [bugb] os-tick alive_ms=15608 tasks_free=false
2026-08-25T10:35:42.148407Z  INFO smart_dl_daemon::serve: [bugb] os-tick alive_ms=15908 tasks_free=false
2026-08-25T10:35:42.449536Z  INFO smart_dl_daemon::serve: [bugb] os-tick alive_ms=16209 tasks_free=false
2026-08-25T10:35:42.751019Z  INFO smart_dl_daemon::serve: [bugb] os-tick alive_ms=16511 tasks_free=false
2026-08-25T10:35:43.053069Z  INFO smart_dl_daemon::serve: [bugb] os-tick alive_ms=16813 tasks_free=false
2026-08-25T10:35:43.354710Z  INFO smart_dl_daemon::serve: [bugb] os-tick alive_ms=17115 tasks_free=false
2026-08-25T10:35:43.656118Z  INFO smart_dl_daemon::serve: [bugb] os-tick alive_ms=17416 tasks_free=false
2026-08-25T10:35:43.957355Z  INFO smart_dl_daemon::serve: [bugb] os-tick alive_ms=17717 tasks_free=false
2026-08-25T10:35:44.259490Z  INFO smart_dl_daemon::serve: [bugb] os-tick alive_ms=18019 tasks_free=false
2026-08-25T10:35:44.561001Z  INFO smart_dl_daemon::serve: [bugb] os-tick alive_ms=18321 tasks_free=false
2026-08-25T10:35:44.865379Z  INFO smart_dl_daemon::serve: [bugb] os-tick alive_ms=18625 tasks_free=false
2026-08-25T10:35:45.166981Z  INFO smart_dl_daemon::serve: [bugb] os-tick alive_ms=18927 tasks_free=false
2026-08-25T10:35:45.468919Z  INFO smart_dl_daemon::serve: [bugb] os-tick alive_ms=19229 tasks_free=false
2026-08-25T10:35:45.770077Z  INFO smart_dl_daemon::serve: [bugb] os-tick alive_ms=19530 tasks_free=false
2026-08-25T10:35:46.071503Z  INFO smart_dl_daemon::serve: [bugb] os-tick alive_ms=19831 tasks_free=false
2026-08-25T10:35:46.373201Z  INFO smart_dl_daemon::serve: [bugb] os-tick alive_ms=20133 tasks_free=false
2026-08-25T10:35:46.674690Z  INFO smart_dl_daemon::serve: [bugb] os-tick alive_ms=20435 tasks_free=false
2026-08-25T10:35:46.975897Z  INFO smart_dl_daemon::serve: [bugb] os-tick alive_ms=20736 tasks_free=false
2026-08-25T10:35:47.277236Z  INFO smart_dl_daemon::serve: [bugb] os-tick alive_ms=21037 tasks_free=false
2026-08-25T10:35:47.578975Z  INFO smart_dl_daemon::serve: [bugb] os-tick alive_ms=21339 tasks_free=false
2026-08-25T10:35:47.880378Z  INFO smart_dl_daemon::serve: [bugb] os-tick alive_ms=21640 tasks_free=false
2026-08-25T10:35:48.181811Z  INFO smart_dl_daemon::serve: [bugb] os-tick alive_ms=21942 tasks_free=false
2026-08-25T10:35:48.483666Z  INFO smart_dl_daemon::serve: [bugb] os-tick alive_ms=22244 tasks_free=false
2026-08-25T10:35:48.785254Z  INFO smart_dl_daemon::serve: [bugb] os-tick alive_ms=22545 tasks_free=false
2026-08-25T10:35:49.086819Z  INFO smart_dl_daemon::serve: [bugb] os-tick alive_ms=22847 tasks_free=false
2026-08-25T10:35:49.388237Z  INFO smart_dl_daemon::serve: [bugb] os-tick alive_ms=23148 tasks_free=false
2026-08-25T10:35:49.689265Z  INFO smart_dl_daemon::serve: [bugb] os-tick alive_ms=23449 tasks_free=false
2026-08-25T10:35:49.990581Z  INFO smart_dl_daemon::serve: [bugb] os-tick alive_ms=23751 tasks_free=false
2026-08-25T10:35:50.291864Z  INFO smart_dl_daemon::serve: [bugb] os-tick alive_ms=24052 tasks_free=false
2026-08-25T10:35:50.593028Z  INFO smart_dl_daemon::serve: [bugb] os-tick alive_ms=24353 tasks_free=false
2026-08-25T10:35:50.894630Z  INFO smart_dl_daemon::serve: [bugb] os-tick alive_ms=24655 tasks_free=false
2026-08-25T10:35:51.196070Z  INFO smart_dl_daemon::serve: [bugb] os-tick alive_ms=24956 tasks_free=false
2026-08-25T10:35:51.497631Z  INFO smart_dl_daemon::serve: [bugb] os-tick alive_ms=25258 tasks_free=false
2026-08-25T10:35:51.798876Z  INFO smart_dl_daemon::serve: [bugb] os-tick alive_ms=25559 tasks_free=false
2026-08-25T10:35:52.100184Z  INFO smart_dl_daemon::serve: [bugb] os-tick alive_ms=25860 tasks_free=false
2026-08-25T10:35:52.401393Z  INFO smart_dl_daemon::serve: [bugb] os-tick alive_ms=26161 tasks_free=false
2026-08-25T10:35:52.702821Z  INFO smart_dl_daemon::serve: [bugb] os-tick alive_ms=26463 tasks_free=false
2026-08-25T10:35:53.004079Z  INFO smart_dl_daemon::serve: [bugb] os-tick alive_ms=26764 tasks_free=false
2026-08-25T10:35:53.352627Z  INFO smart_dl_daemon::serve: [bugb] os-tick alive_ms=27113 tasks_free=false
2026-08-25T10:35:53.653944Z  INFO smart_dl_daemon::serve: [bugb] os-tick alive_ms=27414 tasks_free=false
2026-08-25T10:35:53.955137Z  INFO smart_dl_daemon::serve: [bugb] os-tick alive_ms=27715 tasks_free=false
2026-08-25T10:35:54.256274Z  INFO smart_dl_daemon::serve: [bugb] os-tick alive_ms=28016 tasks_free=false
2026-08-25T10:35:54.557444Z  INFO smart_dl_daemon::serve: [bugb] os-tick alive_ms=28317 tasks_free=false
2026-08-25T10:35:54.858923Z  INFO smart_dl_daemon::serve: [bugb] os-tick alive_ms=28619 tasks_free=false
2026-08-25T10:35:55.160415Z  INFO smart_dl_daemon::serve: [bugb] os-tick alive_ms=28920 tasks_free=false
2026-08-25T10:35:55.461921Z  INFO smart_dl_daemon::serve: [bugb] os-tick alive_ms=29222 tasks_free=false
2026-08-25T10:35:55.763185Z  INFO smart_dl_daemon::serve: [bugb] os-tick alive_ms=29523 tasks_free=false
2026-08-25T10:35:56.064876Z  INFO smart_dl_daemon::serve: [bugb] os-tick alive_ms=29825 tasks_free=false
2026-08-25T10:35:56.366446Z  INFO smart_dl_daemon::serve: [bugb] os-tick alive_ms=30126 tasks_free=false
2026-08-25T10:35:56.667948Z  INFO smart_dl_daemon::serve: [bugb] os-tick alive_ms=30428 tasks_free=false
2026-08-25T10:35:56.969518Z  INFO smart_dl_daemon::serve: [bugb] os-tick alive_ms=30729 tasks_free=false
2026-08-25T10:35:57.270840Z  INFO smart_dl_daemon::serve: [bugb] os-tick alive_ms=31031 tasks_free=false
2026-08-25T10:35:57.572375Z  INFO smart_dl_daemon::serve: [bugb] os-tick alive_ms=31332 tasks_free=false
2026-08-25T10:35:57.873699Z  INFO smart_dl_daemon::serve: [bugb] os-tick alive_ms=31634 tasks_free=false
2026-08-25T10:35:58.174965Z  INFO smart_dl_daemon::serve: [bugb] os-tick alive_ms=31935 tasks_free=false
2026-08-25T10:35:58.476240Z  INFO smart_dl_daemon::serve: [bugb] os-tick alive_ms=32236 tasks_free=false
2026-08-25T10:35:58.778750Z  INFO smart_dl_daemon::serve: [bugb] os-tick alive_ms=32539 tasks_free=false
2026-08-25T10:35:59.080403Z  INFO smart_dl_daemon::serve: [bugb] os-tick alive_ms=32840 tasks_free=false
2026-08-25T10:35:59.381565Z  INFO smart_dl_daemon::serve: [bugb] os-tick alive_ms=33141 tasks_free=false
2026-08-25T10:35:59.683245Z  INFO smart_dl_daemon::serve: [bugb] os-tick alive_ms=33443 tasks_free=false
2026-08-25T10:35:59.984513Z  INFO smart_dl_daemon::serve: [bugb] os-tick alive_ms=33744 tasks_free=false
2026-08-25T10:36:00.285758Z  INFO smart_dl_daemon::serve: [bugb] os-tick alive_ms=34046 tasks_free=false
2026-08-25T10:36:00.586968Z  INFO smart_dl_daemon::serve: [bugb] os-tick alive_ms=34347 tasks_free=false
2026-08-25T10:36:00.888296Z  INFO smart_dl_daemon::serve: [bugb] os-tick alive_ms=34648 tasks_free=false
2026-08-25T10:36:01.190167Z  INFO smart_dl_daemon::serve: [bugb] os-tick alive_ms=34950 tasks_free=false
2026-08-25T10:36:01.537907Z  INFO smart_dl_daemon::serve: [bugb] os-tick alive_ms=35298 tasks_free=false
2026-08-25T10:36:01.839192Z  INFO smart_dl_daemon::serve: [bugb] os-tick alive_ms=35599 tasks_free=false
2026-08-25T10:36:02.140754Z  INFO smart_dl_daemon::serve: [bugb] os-tick alive_ms=35901 tasks_free=false
2026-08-25T10:36:02.442036Z  INFO smart_dl_daemon::serve: [bugb] os-tick alive_ms=36202 tasks_free=false
2026-08-25T10:36:02.743089Z  INFO smart_dl_daemon::serve: [bugb] os-tick alive_ms=36503 tasks_free=false
2026-08-25T10:36:03.044550Z  INFO smart_dl_daemon::serve: [bugb] os-tick alive_ms=36804 tasks_free=false
2026-08-25T10:36:03.345780Z  INFO smart_dl_daemon::serve: [bugb] os-tick alive_ms=37106 tasks_free=false
2026-08-25T10:36:03.647823Z  INFO smart_dl_daemon::serve: [bugb] os-tick alive_ms=37408 tasks_free=false
2026-08-25T10:36:03.948931Z  INFO smart_dl_daemon::serve: [bugb] os-tick alive_ms=37709 tasks_free=false
2026-08-25T10:36:04.250361Z  INFO smart_dl_daemon::serve: [bugb] os-tick alive_ms=38010 tasks_free=false
2026-08-25T10:36:04.551859Z  INFO smart_dl_daemon::serve: [bugb] os-tick alive_ms=38312 tasks_free=false
2026-08-25T10:36:04.853289Z  INFO smart_dl_daemon::serve: [bugb] os-tick alive_ms=38613 tasks_free=false
2026-08-25T10:36:05.154522Z  INFO smart_dl_daemon::serve: [bugb] os-tick alive_ms=38914 tasks_free=false
2026-08-25T10:36:05.455998Z  INFO smart_dl_daemon::serve: [bugb] os-tick alive_ms=39216 tasks_free=false
2026-08-25T10:36:05.757631Z  INFO smart_dl_daemon::serve: [bugb] os-tick alive_ms=39518 tasks_free=false
2026-08-25T10:36:06.059339Z  INFO smart_dl_daemon::serve: [bugb] os-tick alive_ms=39819 tasks_free=false
2026-08-25T10:36:06.360933Z  INFO smart_dl_daemon::serve: [bugb] os-tick alive_ms=40121 tasks_free=false
2026-08-25T10:36:06.662227Z  INFO smart_dl_daemon::serve: [bugb] os-tick alive_ms=40422 tasks_free=false
2026-08-25T10:36:06.963312Z  INFO smart_dl_daemon::serve: [bugb] os-tick alive_ms=40723 tasks_free=false
2026-08-25T10:36:07.264935Z  INFO smart_dl_daemon::serve: [bugb] os-tick alive_ms=41025 tasks_free=false
2026-08-25T10:36:07.566508Z  INFO smart_dl_daemon::serve: [bugb] os-tick alive_ms=41326 tasks_free=false
2026-08-25T10:36:07.868029Z  INFO smart_dl_daemon::serve: [bugb] os-tick alive_ms=41628 tasks_free=false
2026-08-25T10:36:08.169308Z  INFO smart_dl_daemon::serve: [bugb] os-tick alive_ms=41929 tasks_free=false
2026-08-25T10:36:08.470933Z  INFO smart_dl_daemon::serve: [bugb] os-tick alive_ms=42231 tasks_free=false
2026-08-25T10:36:08.772658Z  INFO smart_dl_daemon::serve: [bugb] os-tick alive_ms=42533 tasks_free=false
2026-08-25T10:36:09.074345Z  INFO smart_dl_daemon::serve: [bugb] os-tick alive_ms=42834 tasks_free=false
2026-08-25T10:36:09.375741Z  INFO smart_dl_daemon::serve: [bugb] os-tick alive_ms=43136 tasks_free=false
2026-08-25T10:36:09.677524Z  INFO smart_dl_daemon::serve: [bugb] os-tick alive_ms=43437 tasks_free=false
2026-08-25T10:36:09.978652Z  INFO smart_dl_daemon::serve: [bugb] os-tick alive_ms=43739 tasks_free=false
2026-08-25T10:36:10.280242Z  INFO smart_dl_daemon::serve: [bugb] os-tick alive_ms=44040 tasks_free=false
2026-08-25T10:36:10.581426Z  INFO smart_dl_daemon::serve: [bugb] os-tick alive_ms=44341 tasks_free=false
2026-08-25T10:36:10.882793Z  INFO smart_dl_daemon::serve: [bugb] os-tick alive_ms=44643 tasks_free=false
2026-08-25T10:36:11.184164Z  INFO smart_dl_daemon::serve: [bugb] os-tick alive_ms=44944 tasks_free=false
2026-08-25T10:36:11.485410Z  INFO smart_dl_daemon::serve: [bugb] os-tick alive_ms=45245 tasks_free=false
2026-08-25T10:36:11.786207Z  INFO smart_dl_daemon::serve: [bugb] os-tick alive_ms=45546 tasks_free=false
2026-08-25T10:36:12.087494Z  INFO smart_dl_daemon::serve: [bugb] os-tick alive_ms=45847 tasks_free=false
2026-08-25T10:36:12.389075Z  INFO smart_dl_daemon::serve: [bugb] os-tick alive_ms=46149 tasks_free=false
2026-08-25T10:36:12.690708Z  INFO smart_dl_daemon::serve: [bugb] os-tick alive_ms=46451 tasks_free=false
2026-08-25T10:36:12.992029Z  INFO smart_dl_daemon::serve: [bugb] os-tick alive_ms=46752 tasks_free=false
2026-08-25T10:36:13.293344Z  INFO smart_dl_daemon::serve: [bugb] os-tick alive_ms=47053 tasks_free=false
2026-08-25T10:36:13.594404Z  INFO smart_dl_daemon::serve: [bugb] os-tick alive_ms=47354 tasks_free=false
2026-08-25T10:36:13.895659Z  INFO smart_dl_daemon::serve: [bugb] os-tick alive_ms=47656 tasks_free=false
2026-08-25T10:36:14.196843Z  INFO smart_dl_daemon::serve: [bugb] os-tick alive_ms=47957 tasks_free=false
2026-08-25T10:36:14.498164Z  INFO smart_dl_daemon::serve: [bugb] os-tick alive_ms=48258 tasks_free=false
2026-08-25T10:36:14.799451Z  INFO smart_dl_daemon::serve: [bugb] os-tick alive_ms=48559 tasks_free=false
2026-08-25T10:36:15.100964Z  INFO smart_dl_daemon::serve: [bugb] os-tick alive_ms=48861 tasks_free=false
2026-08-25T10:36:15.402273Z  INFO smart_dl_daemon::serve: [bugb] os-tick alive_ms=49162 tasks_free=false
2026-08-25T10:36:15.703810Z  INFO smart_dl_daemon::serve: [bugb] os-tick alive_ms=49464 tasks_free=false
2026-08-25T10:36:16.005392Z  INFO smart_dl_daemon::serve: [bugb] os-tick alive_ms=49765 tasks_free=false
2026-08-25T10:36:16.306776Z  INFO smart_dl_daemon::serve: [bugb] os-tick alive_ms=50067 tasks_free=false
2026-08-25T10:36:16.607993Z  INFO smart_dl_daemon::serve: [bugb] os-tick alive_ms=50368 tasks_free=false
2026-08-25T10:36:16.909134Z  INFO smart_dl_daemon::serve: [bugb] os-tick alive_ms=50669 tasks_free=false
2026-08-25T10:36:17.210650Z  INFO smart_dl_daemon::serve: [bugb] os-tick alive_ms=50971 tasks_free=false
2026-08-25T10:36:17.512084Z  INFO smart_dl_daemon::serve: [bugb] os-tick alive_ms=51272 tasks_free=false
2026-08-25T10:36:17.814405Z  INFO smart_dl_daemon::serve: [bugb] os-tick alive_ms=51574 tasks_free=false
2026-08-25T10:36:18.115761Z  INFO smart_dl_daemon::serve: [bugb] os-tick alive_ms=51876 tasks_free=false
2026-08-25T10:36:18.417387Z  INFO smart_dl_daemon::serve: [bugb] os-tick alive_ms=52177 tasks_free=false
2026-08-25T10:36:18.718881Z  INFO smart_dl_daemon::serve: [bugb] os-tick alive_ms=52479 tasks_free=false
2026-08-25T10:36:19.020189Z  INFO smart_dl_daemon::serve: [bugb] os-tick alive_ms=52780 tasks_free=false
2026-08-25T10:36:19.321610Z  INFO smart_dl_daemon::serve: [bugb] os-tick alive_ms=53082 tasks_free=false
2026-08-25T10:36:19.623484Z  INFO smart_dl_daemon::serve: [bugb] os-tick alive_ms=53383 tasks_free=false
2026-08-25T10:36:19.924597Z  INFO smart_dl_daemon::serve: [bugb] os-tick alive_ms=53685 tasks_free=false
2026-08-25T10:36:20.225767Z  INFO smart_dl_daemon::serve: [bugb] os-tick alive_ms=53986 tasks_free=false
2026-08-25T10:36:20.527123Z  INFO smart_dl_daemon::serve: [bugb] os-tick alive_ms=54287 tasks_free=false
2026-08-25T10:36:20.828394Z  INFO smart_dl_daemon::serve: [bugb] os-tick alive_ms=54588 tasks_free=false
2026-08-25T10:36:21.129888Z  INFO smart_dl_daemon::serve: [bugb] os-tick alive_ms=54890 tasks_free=false
2026-08-25T10:36:21.431414Z  INFO smart_dl_daemon::serve: [bugb] os-tick alive_ms=55191 tasks_free=false
2026-08-25T10:36:21.732543Z  INFO smart_dl_daemon::serve: [bugb] os-tick alive_ms=55492 tasks_free=false
2026-08-25T10:36:22.033895Z  INFO smart_dl_daemon::serve: [bugb] os-tick alive_ms=55794 tasks_free=false
2026-08-25T10:36:22.335142Z  INFO smart_dl_daemon::serve: [bugb] os-tick alive_ms=56095 tasks_free=false
2026-08-25T10:36:22.638727Z  INFO smart_dl_daemon::serve: [bugb] os-tick alive_ms=56399 tasks_free=false
2026-08-25T10:36:22.939971Z  INFO smart_dl_daemon::serve: [bugb] os-tick alive_ms=56700 tasks_free=false
2026-08-25T10:36:23.241079Z  INFO smart_dl_daemon::serve: [bugb] os-tick alive_ms=57001 tasks_free=false
2026-08-25T10:36:23.542379Z  INFO smart_dl_daemon::serve: [bugb] os-tick alive_ms=57302 tasks_free=false
2026-08-25T10:36:23.844217Z  INFO smart_dl_daemon::serve: [bugb] os-tick alive_ms=57604 tasks_free=false
2026-08-25T10:36:24.145509Z  INFO smart_dl_daemon::serve: [bugb] os-tick alive_ms=57905 tasks_free=false
2026-08-25T10:36:24.446947Z  INFO smart_dl_daemon::serve: [bugb] os-tick alive_ms=58207 tasks_free=false
2026-08-25T10:36:24.748709Z  INFO smart_dl_daemon::serve: [bugb] os-tick alive_ms=58509 tasks_free=false
2026-08-25T10:36:25.050302Z  INFO smart_dl_daemon::serve: [bugb] os-tick alive_ms=58810 tasks_free=false
2026-08-25T10:36:25.351802Z  INFO smart_dl_daemon::serve: [bugb] os-tick alive_ms=59112 tasks_free=false
2026-08-25T10:36:25.946716Z  INFO smart_dl_daemon::serve: [bugb] os-tick alive_ms=59707 tasks_free=false
2026-08-25T10:36:26.248065Z  INFO smart_dl_daemon::serve: [bugb] os-tick alive_ms=60008 tasks_free=false
2026-08-25T10:36:26.549866Z  INFO smart_dl_daemon::serve: [bugb] os-tick alive_ms=60310 tasks_free=false
2026-08-25T10:36:26.851270Z  INFO smart_dl_daemon::serve: [bugb] os-tick alive_ms=60611 tasks_free=false
2026-08-25T10:36:27.152365Z  INFO smart_dl_daemon::serve: [bugb] os-tick alive_ms=60912 tasks_free=false
2026-08-25T10:36:27.454104Z  INFO smart_dl_daemon::serve: [bugb] os-tick alive_ms=61214 tasks_free=false
2026-08-25T10:36:27.755683Z  INFO smart_dl_daemon::serve: [bugb] os-tick alive_ms=61516 tasks_free=false
2026-08-25T10:36:28.057903Z  INFO smart_dl_daemon::serve: [bugb] os-tick alive_ms=61818 tasks_free=false
2026-08-25T10:36:28.359326Z  INFO smart_dl_daemon::serve: [bugb] os-tick alive_ms=62119 tasks_free=false
2026-08-25T10:36:28.661547Z  INFO smart_dl_daemon::serve: [bugb] os-tick alive_ms=62421 tasks_free=false
2026-08-25T10:36:28.962654Z  INFO smart_dl_daemon::serve: [bugb] os-tick alive_ms=62723 tasks_free=false
2026-08-25T10:36:29.263814Z  INFO smart_dl_daemon::serve: [bugb] os-tick alive_ms=63024 tasks_free=false
2026-08-25T10:36:29.565394Z  INFO smart_dl_daemon::serve: [bugb] os-tick alive_ms=63325 tasks_free=false
2026-08-25T10:36:29.866513Z  INFO smart_dl_daemon::serve: [bugb] os-tick alive_ms=63626 tasks_free=false
2026-08-25T10:36:30.167876Z  INFO smart_dl_daemon::serve: [bugb] os-tick alive_ms=63928 tasks_free=false
2026-08-25T10:36:30.469308Z  INFO smart_dl_daemon::serve: [bugb] os-tick alive_ms=64229 tasks_free=false
2026-08-25T10:36:30.770412Z  INFO smart_dl_daemon::serve: [bugb] os-tick alive_ms=64530 tasks_free=false
2026-08-25T10:36:31.071649Z  INFO smart_dl_daemon::serve: [bugb] os-tick alive_ms=64832 tasks_free=false
2026-08-25T10:36:31.372998Z  INFO smart_dl_daemon::serve: [bugb] os-tick alive_ms=65133 tasks_free=false
2026-08-25T10:36:31.674079Z  INFO smart_dl_daemon::serve: [bugb] os-tick alive_ms=65434 tasks_free=false
2026-08-25T10:36:31.975229Z  INFO smart_dl_daemon::serve: [bugb] os-tick alive_ms=65735 tasks_free=false
2026-08-25T10:36:32.276517Z  INFO smart_dl_daemon::serve: [bugb] os-tick alive_ms=66036 tasks_free=false
2026-08-25T10:36:32.577444Z  INFO smart_dl_daemon::serve: [bugb] os-tick alive_ms=66337 tasks_free=false
2026-08-25T10:36:32.878543Z  INFO smart_dl_daemon::serve: [bugb] os-tick alive_ms=66638 tasks_free=false
2026-08-25T10:36:33.179714Z  INFO smart_dl_daemon::serve: [bugb] os-tick alive_ms=66940 tasks_free=false
2026-08-25T10:36:33.481096Z  INFO smart_dl_daemon::serve: [bugb] os-tick alive_ms=67241 tasks_free=false
2026-08-25T10:36:33.783022Z  INFO smart_dl_daemon::serve: [bugb] os-tick alive_ms=67543 tasks_free=false
2026-08-25T10:36:34.084205Z  INFO smart_dl_daemon::serve: [bugb] os-tick alive_ms=67844 tasks_free=false
2026-08-25T10:36:34.385676Z  INFO smart_dl_daemon::serve: [bugb] os-tick alive_ms=68146 tasks_free=false
2026-08-25T10:36:34.686972Z  INFO smart_dl_daemon::serve: [bugb] os-tick alive_ms=68447 tasks_free=false
2026-08-25T10:36:34.988444Z  INFO smart_dl_daemon::serve: [bugb] os-tick alive_ms=68748 tasks_free=false
