2026-08-25T10:07:23.729656Z  INFO smart_dl_daemon::serve: 单实例锁已持有: "E:/Code/ai/smart-downloader/out/bugb/run-A-20260825-180722/daemon.lock"
2026-08-25T10:07:23.822032Z  INFO smart_dl_daemon::serve: [bugb] mock provider 注入直链: http://127.0.0.1:19247/mockfile.bin
2026-08-25T10:07:23.844326Z  INFO smart_dl_daemon::serve: [bugb] mock provider 延迟 Ready: 240s
2026-08-25T10:07:23.861782Z  INFO smart_dl_daemon::serve: 云兜底已启用（provider=mock，开发占位）
2026-08-25T10:07:23.933577Z  INFO smart_dl_daemon::serve: BT 引擎已启用, 落盘: "E:/Code/ai/smart-downloader/out/bugb/run-A-20260825-180722/downloads"
2026-08-25T10:07:23.936310Z  INFO smart_dl_daemon::serve: smart-dl-daemon 监听 127.0.0.1:19642
2026-08-25T10:07:24.265453Z  INFO smart_dl_daemon::bt: [bugb] bt add 注入直连 peer 127.0.0.1:17018 ih=a6453589c479ace6613048fb3c607a77495a3f7c
2026-08-25T10:07:24.439647Z  INFO smart_dl_daemon::bt_events: [bugb] alert-loop alive ticks=1 batch=0
2026-08-25T10:07:25.166783Z  INFO smart_dl_daemon::bt: [bugb] bt::pause enter ih=a6453589c479ace6613048fb3c607a77495a3f7c
2026-08-25T10:07:25.198863Z  INFO smart_dl_daemon::bt: [bugb] fastresume request ih=a6453589c479ace6613048fb3c607a77495a3f7c
2026-08-25T10:07:25.339578Z  INFO smart_dl_daemon::bt: [bugb] fastresume ready ih=a6453589c479ace6613048fb3c607a77495a3f7c elapsed_ms=140
2026-08-25T10:07:25.342908Z  INFO smart_dl_daemon::bt: [bugb] bt::pause exit ih=a6453589c479ace6613048fb3c607a77495a3f7c elapsed_ms=176
2026-08-25T10:07:25.946218Z  INFO smart_dl_daemon::serve: [bugb] watchdog alive uptime_ms=2009
2026-08-25T10:07:25.953775Z  INFO smart_dl_daemon::state: [bugb] fallback enter id=t1
2026-08-25T10:07:25.954737Z  INFO smart_dl_daemon::state: [bugb] fallback gate-passed id=t1 bt_progress=0.1406 → begin_fallback (0ms)
2026-08-25T10:07:25.955183Z  INFO smart_dl_provider::coordinator: [bugb] coord submit begin provider=mock
2026-08-25T10:07:25.955687Z  INFO smart_dl_provider::coordinator: [bugb] coord submit ok ptid=mock-1 → poll_ready
2026-08-25T10:07:25.956181Z  INFO smart_dl_provider::coordinator: [bugb] poll_ready verdict None → Downloading elapsed_ms=0
2026-08-25T10:07:25.959064Z  INFO smart_dl_daemon::bt_events: [bugb] alert-loop batch=1 first_kind=Some(State)
2026-08-25T10:07:26.463825Z  INFO smart_dl_daemon::bt_events: [bugb] alert-loop batch=15 first_kind=Some(Peer)
2026-08-25T10:07:27.013720Z  INFO smart_dl_daemon::bt_events: [bugb] alert-loop batch=6 first_kind=Some(Piece)
2026-08-25T10:07:27.607942Z  INFO smart_dl_daemon::bt_events: [bugb] alert-loop batch=15 first_kind=Some(Piece)
2026-08-25T10:07:27.957951Z  INFO smart_dl_daemon::serve: [bugb] watchdog alive uptime_ms=4021
2026-08-25T10:07:28.135318Z  INFO smart_dl_daemon::bt_events: [bugb] alert-loop batch=40 first_kind=Some(Piece)
2026-08-25T10:07:28.651326Z  INFO smart_dl_daemon::bt_events: [bugb] alert-loop batch=37 first_kind=Some(Piece)
2026-08-25T10:07:29.990081Z  INFO smart_dl_daemon::serve: [bugb] watchdog alive uptime_ms=6053
2026-08-25T10:07:31.996064Z  INFO smart_dl_daemon::serve: [bugb] watchdog alive uptime_ms=8059
2026-08-25T10:07:34.008121Z  INFO smart_dl_daemon::serve: [bugb] watchdog alive uptime_ms=10071
2026-08-25T10:07:34.731956Z  INFO smart_dl_daemon::bt_events: [bugb] alert-loop alive ticks=21 batch=0
2026-08-25T10:07:36.017439Z  INFO smart_dl_daemon::serve: [bugb] watchdog alive uptime_ms=12080
2026-08-25T10:07:38.028266Z  INFO smart_dl_daemon::serve: [bugb] watchdog alive uptime_ms=14091
2026-08-25T10:07:40.172098Z  INFO smart_dl_daemon::serve: [bugb] watchdog alive uptime_ms=16235
2026-08-25T10:07:42.177601Z  INFO smart_dl_daemon::serve: [bugb] watchdog alive uptime_ms=18240
2026-08-25T10:07:44.186689Z  INFO smart_dl_daemon::serve: [bugb] watchdog alive uptime_ms=20249
2026-08-25T10:07:44.983828Z  INFO smart_dl_daemon::bt_events: [bugb] alert-loop alive ticks=41 batch=0
2026-08-25T10:07:46.471060Z  INFO smart_dl_daemon::serve: [bugb] watchdog alive uptime_ms=22534
2026-08-25T10:07:48.486294Z  INFO smart_dl_daemon::serve: [bugb] watchdog alive uptime_ms=24549
2026-08-25T10:07:50.501328Z  INFO smart_dl_daemon::serve: [bugb] watchdog alive uptime_ms=26564
2026-08-25T10:07:52.511620Z  INFO smart_dl_daemon::serve: [bugb] watchdog alive uptime_ms=28574
2026-08-25T10:07:54.515042Z  INFO smart_dl_daemon::serve: [bugb] watchdog alive uptime_ms=30578
2026-08-25T10:07:55.114926Z  INFO smart_dl_daemon::bt_events: [bugb] alert-loop alive ticks=61 batch=0
2026-08-25T10:07:56.524166Z  INFO smart_dl_daemon::serve: [bugb] watchdog alive uptime_ms=32587
2026-08-25T10:07:58.535992Z  INFO smart_dl_daemon::serve: [bugb] watchdog alive uptime_ms=34599
2026-08-25T10:08:00.549984Z  INFO smart_dl_daemon::serve: [bugb] watchdog alive uptime_ms=36613
2026-08-25T10:08:02.567580Z  INFO smart_dl_daemon::serve: [bugb] watchdog alive uptime_ms=38630
2026-08-25T10:08:04.576778Z  INFO smart_dl_daemon::serve: [bugb] watchdog alive uptime_ms=40639
2026-08-25T10:08:05.258430Z  INFO smart_dl_daemon::bt_events: [bugb] alert-loop alive ticks=81 batch=0
2026-08-25T10:08:06.579316Z  INFO smart_dl_daemon::serve: [bugb] watchdog alive uptime_ms=42642
2026-08-25T10:08:08.583827Z  INFO smart_dl_daemon::serve: [bugb] watchdog alive uptime_ms=44646
2026-08-25T10:08:10.589844Z  INFO smart_dl_daemon::serve: [bugb] watchdog alive uptime_ms=46652
2026-08-25T10:08:12.601290Z  INFO smart_dl_daemon::serve: [bugb] watchdog alive uptime_ms=48664
2026-08-25T10:08:14.610784Z  INFO smart_dl_daemon::serve: [bugb] watchdog alive uptime_ms=50673
2026-08-25T10:08:15.462874Z  INFO smart_dl_daemon::bt_events: [bugb] alert-loop alive ticks=101 batch=0
2026-08-25T10:08:16.619935Z  INFO smart_dl_daemon::serve: [bugb] watchdog alive uptime_ms=52683
2026-08-25T10:08:18.630818Z  INFO smart_dl_daemon::serve: [bugb] watchdog alive uptime_ms=54693
2026-08-25T10:08:20.633769Z  INFO smart_dl_daemon::serve: [bugb] watchdog alive uptime_ms=56696
2026-08-25T10:08:22.645345Z  INFO smart_dl_daemon::serve: [bugb] watchdog alive uptime_ms=58708
2026-08-25T10:08:24.657941Z  INFO smart_dl_daemon::serve: [bugb] watchdog alive uptime_ms=60721
2026-08-25T10:08:25.598936Z  INFO smart_dl_daemon::bt_events: [bugb] alert-loop alive ticks=121 batch=0
2026-08-25T10:08:26.672271Z  INFO smart_dl_daemon::serve: [bugb] watchdog alive uptime_ms=62735
2026-08-25T10:08:28.675608Z  INFO smart_dl_daemon::serve: [bugb] watchdog alive uptime_ms=64738
2026-08-25T10:08:30.678290Z  INFO smart_dl_daemon::serve: [bugb] watchdog alive uptime_ms=66741
2026-08-25T10:08:32.686940Z  INFO smart_dl_daemon::serve: [bugb] watchdog alive uptime_ms=68750
2026-08-25T10:08:34.703369Z  INFO smart_dl_daemon::serve: [bugb] watchdog alive uptime_ms=70766
2026-08-25T10:08:35.748473Z  INFO smart_dl_daemon::bt_events: [bugb] alert-loop alive ticks=141 batch=0
2026-08-25T10:08:36.717751Z  INFO smart_dl_daemon::serve: [bugb] watchdog alive uptime_ms=72780
2026-08-25T10:08:38.730406Z  INFO smart_dl_daemon::serve: [bugb] watchdog alive uptime_ms=74793
2026-08-25T10:08:40.738157Z  INFO smart_dl_daemon::serve: [bugb] watchdog alive uptime_ms=76801
2026-08-25T10:08:42.743378Z  INFO smart_dl_daemon::serve: [bugb] watchdog alive uptime_ms=78806
2026-08-25T10:08:44.760142Z  INFO smart_dl_daemon::serve: [bugb] watchdog alive uptime_ms=80823
2026-08-25T10:08:45.892583Z  INFO smart_dl_daemon::bt_events: [bugb] alert-loop alive ticks=161 batch=0
2026-08-25T10:08:46.775382Z  INFO smart_dl_daemon::serve: [bugb] watchdog alive uptime_ms=82838
2026-08-25T10:08:48.781200Z  INFO smart_dl_daemon::serve: [bugb] watchdog alive uptime_ms=84844
2026-08-25T10:08:50.793549Z  INFO smart_dl_daemon::serve: [bugb] watchdog alive uptime_ms=86856
2026-08-25T10:08:52.805429Z  INFO smart_dl_daemon::serve: [bugb] watchdog alive uptime_ms=88868
2026-08-25T10:08:54.809027Z  INFO smart_dl_daemon::serve: [bugb] watchdog alive uptime_ms=90872
2026-08-25T10:08:56.058113Z  INFO smart_dl_daemon::bt_events: [bugb] alert-loop alive ticks=181 batch=0
2026-08-25T10:08:56.822054Z  INFO smart_dl_daemon::serve: [bugb] watchdog alive uptime_ms=92885
2026-08-25T10:08:58.825888Z  INFO smart_dl_daemon::serve: [bugb] watchdog alive uptime_ms=94889
2026-08-25T10:09:00.839957Z  INFO smart_dl_daemon::serve: [bugb] watchdog alive uptime_ms=96903
2026-08-25T10:09:02.845083Z  INFO smart_dl_daemon::serve: [bugb] watchdog alive uptime_ms=98908
2026-08-25T10:09:04.943923Z  INFO smart_dl_daemon::serve: [bugb] watchdog alive uptime_ms=101007
2026-08-25T10:09:06.182276Z  INFO smart_dl_daemon::bt_events: [bugb] alert-loop alive ticks=201 batch=0
2026-08-25T10:09:06.952911Z  INFO smart_dl_daemon::serve: [bugb] watchdog alive uptime_ms=103016
2026-08-25T10:09:08.959896Z  INFO smart_dl_daemon::serve: [bugb] watchdog alive uptime_ms=105023
2026-08-25T10:09:10.968478Z  INFO smart_dl_daemon::serve: [bugb] watchdog alive uptime_ms=107031
2026-08-25T10:09:12.980305Z  INFO smart_dl_daemon::serve: [bugb] watchdog alive uptime_ms=109043
2026-08-25T10:09:14.988233Z  INFO smart_dl_daemon::serve: [bugb] watchdog alive uptime_ms=111051
2026-08-25T10:09:16.371325Z  INFO smart_dl_daemon::bt_events: [bugb] alert-loop alive ticks=221 batch=0
2026-08-25T10:09:17.005090Z  INFO smart_dl_daemon::serve: [bugb] watchdog alive uptime_ms=113068
2026-08-25T10:09:19.012166Z  INFO smart_dl_daemon::serve: [bugb] watchdog alive uptime_ms=115075
2026-08-25T10:09:21.019248Z  INFO smart_dl_daemon::serve: [bugb] watchdog alive uptime_ms=117082
2026-08-25T10:09:23.029532Z  INFO smart_dl_daemon::serve: [bugb] watchdog alive uptime_ms=119092
2026-08-25T10:09:25.033498Z  INFO smart_dl_daemon::serve: [bugb] watchdog alive uptime_ms=121096
2026-08-25T10:09:26.521432Z  INFO smart_dl_daemon::bt_events: [bugb] alert-loop alive ticks=241 batch=0
2026-08-25T10:09:27.041468Z  INFO smart_dl_daemon::serve: [bugb] watchdog alive uptime_ms=123104
2026-08-25T10:09:29.043106Z  INFO smart_dl_daemon::serve: [bugb] watchdog alive uptime_ms=125106
2026-08-25T10:09:31.047502Z  INFO smart_dl_daemon::serve: [bugb] watchdog alive uptime_ms=127110
2026-08-25T10:09:33.061771Z  INFO smart_dl_daemon::serve: [bugb] watchdog alive uptime_ms=129124
2026-08-25T10:09:35.072194Z  INFO smart_dl_daemon::serve: [bugb] watchdog alive uptime_ms=131135
2026-08-25T10:09:37.555155Z  INFO smart_dl_daemon::bt_events: [bugb] alert-loop alive ticks=261 batch=0
2026-08-25T10:09:38.041724Z  INFO smart_dl_daemon::serve: [bugb] watchdog alive uptime_ms=134104
2026-08-25T10:09:40.046463Z  INFO smart_dl_daemon::serve: [bugb] watchdog alive uptime_ms=136109
2026-08-25T10:09:42.056995Z  INFO smart_dl_daemon::serve: [bugb] watchdog alive uptime_ms=138120
2026-08-25T10:09:44.064707Z  INFO smart_dl_daemon::serve: [bugb] watchdog alive uptime_ms=140127
2026-08-25T10:09:46.067359Z  INFO smart_dl_daemon::serve: [bugb] watchdog alive uptime_ms=142130
2026-08-25T10:09:47.692541Z  INFO smart_dl_daemon::bt_events: [bugb] alert-loop alive ticks=281 batch=0
2026-08-25T10:09:48.075444Z  INFO smart_dl_daemon::serve: [bugb] watchdog alive uptime_ms=144138
2026-08-25T10:09:50.081951Z  INFO smart_dl_daemon::serve: [bugb] watchdog alive uptime_ms=146145
2026-08-25T10:09:52.095113Z  INFO smart_dl_daemon::serve: [bugb] watchdog alive uptime_ms=148158
2026-08-25T10:09:54.106239Z  INFO smart_dl_daemon::serve: [bugb] watchdog alive uptime_ms=150169
2026-08-25T10:09:56.116263Z  INFO smart_dl_daemon::serve: [bugb] watchdog alive uptime_ms=152179
2026-08-25T10:09:57.870878Z  INFO smart_dl_daemon::bt_events: [bugb] alert-loop alive ticks=301 batch=0
2026-08-25T10:09:58.121044Z  INFO smart_dl_daemon::serve: [bugb] watchdog alive uptime_ms=154184
2026-08-25T10:10:00.136557Z  INFO smart_dl_daemon::serve: [bugb] watchdog alive uptime_ms=156199
2026-08-25T10:10:02.140452Z  INFO smart_dl_daemon::serve: [bugb] watchdog alive uptime_ms=158203
2026-08-25T10:10:04.146056Z  INFO smart_dl_daemon::serve: [bugb] watchdog alive uptime_ms=160209
2026-08-25T10:10:06.160421Z  INFO smart_dl_daemon::serve: [bugb] watchdog alive uptime_ms=162223
2026-08-25T10:10:08.054453Z  INFO smart_dl_daemon::bt_events: [bugb] alert-loop alive ticks=321 batch=0
2026-08-25T10:10:08.170051Z  INFO smart_dl_daemon::serve: [bugb] watchdog alive uptime_ms=164233
2026-08-25T10:10:10.175563Z  INFO smart_dl_daemon::serve: [bugb] watchdog alive uptime_ms=166238
2026-08-25T10:10:12.186578Z  INFO smart_dl_daemon::serve: [bugb] watchdog alive uptime_ms=168249
2026-08-25T10:10:14.194589Z  INFO smart_dl_daemon::serve: [bugb] watchdog alive uptime_ms=170257
2026-08-25T10:10:16.198722Z  INFO smart_dl_daemon::serve: [bugb] watchdog alive uptime_ms=172261
2026-08-25T10:10:18.209583Z  INFO smart_dl_daemon::bt_events: [bugb] alert-loop alive ticks=341 batch=0
2026-08-25T10:10:18.209582Z  INFO smart_dl_daemon::serve: [bugb] watchdog alive uptime_ms=174272
2026-08-25T10:10:20.262778Z  INFO smart_dl_daemon::serve: [bugb] watchdog alive uptime_ms=176325
2026-08-25T10:10:22.274554Z  INFO smart_dl_daemon::serve: [bugb] watchdog alive uptime_ms=178337
2026-08-25T10:10:24.289968Z  INFO smart_dl_daemon::serve: [bugb] watchdog alive uptime_ms=180353
2026-08-25T10:10:26.304702Z  INFO smart_dl_daemon::serve: [bugb] watchdog alive uptime_ms=182367
2026-08-25T10:10:28.307599Z  INFO smart_dl_daemon::serve: [bugb] watchdog alive uptime_ms=184370
2026-08-25T10:10:28.428076Z  INFO smart_dl_daemon::bt_events: [bugb] alert-loop alive ticks=361 batch=0
2026-08-25T10:10:30.310494Z  INFO smart_dl_daemon::serve: [bugb] watchdog alive uptime_ms=186373
2026-08-25T10:10:32.315257Z  INFO smart_dl_daemon::serve: [bugb] watchdog alive uptime_ms=188378
2026-08-25T10:10:34.317931Z  INFO smart_dl_daemon::serve: [bugb] watchdog alive uptime_ms=190381
2026-08-25T10:10:36.333630Z  INFO smart_dl_daemon::serve: [bugb] watchdog alive uptime_ms=192396
2026-08-25T10:10:38.341380Z  INFO smart_dl_daemon::serve: [bugb] watchdog alive uptime_ms=194404
2026-08-25T10:10:38.567317Z  INFO smart_dl_daemon::bt_events: [bugb] alert-loop alive ticks=381 batch=0
2026-08-25T10:10:40.353662Z  INFO smart_dl_daemon::serve: [bugb] watchdog alive uptime_ms=196416
2026-08-25T10:10:42.359097Z  INFO smart_dl_daemon::serve: [bugb] watchdog alive uptime_ms=198422
2026-08-25T10:10:44.369395Z  INFO smart_dl_daemon::serve: [bugb] watchdog alive uptime_ms=200432
2026-08-25T10:10:46.373278Z  INFO smart_dl_daemon::serve: [bugb] watchdog alive uptime_ms=202436
2026-08-25T10:10:48.383914Z  INFO smart_dl_daemon::serve: [bugb] watchdog alive uptime_ms=204447
2026-08-25T10:10:48.748018Z  INFO smart_dl_daemon::bt_events: [bugb] alert-loop alive ticks=401 batch=0
2026-08-25T10:10:50.386876Z  INFO smart_dl_daemon::serve: [bugb] watchdog alive uptime_ms=206450
2026-08-25T10:10:52.401932Z  INFO smart_dl_daemon::serve: [bugb] watchdog alive uptime_ms=208465
2026-08-25T10:10:54.406588Z  INFO smart_dl_daemon::serve: [bugb] watchdog alive uptime_ms=210469
2026-08-25T10:10:56.421684Z  INFO smart_dl_daemon::serve: [bugb] watchdog alive uptime_ms=212484
2026-08-25T10:10:58.432572Z  INFO smart_dl_daemon::serve: [bugb] watchdog alive uptime_ms=214495
2026-08-25T10:10:58.892411Z  INFO smart_dl_daemon::bt_events: [bugb] alert-loop alive ticks=421 batch=0
2026-08-25T10:11:00.443878Z  INFO smart_dl_daemon::serve: [bugb] watchdog alive uptime_ms=216507
2026-08-25T10:11:02.452103Z  INFO smart_dl_daemon::serve: [bugb] watchdog alive uptime_ms=218515
2026-08-25T10:11:04.463866Z  INFO smart_dl_daemon::serve: [bugb] watchdog alive uptime_ms=220527
2026-08-25T10:11:06.471368Z  INFO smart_dl_daemon::serve: [bugb] watchdog alive uptime_ms=222534
2026-08-25T10:11:08.482689Z  INFO smart_dl_daemon::serve: [bugb] watchdog alive uptime_ms=224545
2026-08-25T10:11:09.063297Z  INFO smart_dl_daemon::bt_events: [bugb] alert-loop alive ticks=441 batch=0
2026-08-25T10:11:10.493703Z  INFO smart_dl_daemon::serve: [bugb] watchdog alive uptime_ms=226556
2026-08-25T10:11:12.497893Z  INFO smart_dl_daemon::serve: [bugb] watchdog alive uptime_ms=228561
2026-08-25T10:11:14.507804Z  INFO smart_dl_daemon::serve: [bugb] watchdog alive uptime_ms=230570
2026-08-25T10:11:16.518925Z  INFO smart_dl_daemon::serve: [bugb] watchdog alive uptime_ms=232582
2026-08-25T10:11:18.532530Z  INFO smart_dl_daemon::serve: [bugb] watchdog alive uptime_ms=234595
2026-08-25T10:11:19.240523Z  INFO smart_dl_daemon::bt_events: [bugb] alert-loop alive ticks=461 batch=0
2026-08-25T10:11:20.539469Z  INFO smart_dl_daemon::serve: [bugb] watchdog alive uptime_ms=236602
2026-08-25T10:11:22.546371Z  INFO smart_dl_daemon::serve: [bugb] watchdog alive uptime_ms=238609
2026-08-25T10:11:24.552575Z  INFO smart_dl_daemon::serve: [bugb] watchdog alive uptime_ms=240615
2026-08-25T10:11:26.180602Z  INFO smart_dl_provider::coordinator: [bugb] poll_ready → Ready ptid=mock-1 elapsed_ms=240224
2026-08-25T10:11:26.181734Z  INFO smart_dl_provider::coordinator: [bugb] coord ready ptid=mock-1 → resolve
2026-08-25T10:11:26.182244Z  INFO smart_dl_provider::coordinator: [bugb] coord resolve ok ptid=mock-1 files=1 sizes=[2097152] → transfer
2026-08-25T10:11:26.182709Z  INFO smart_dl_provider::coordinator: [bugb] coord sink.transfer begin tid=t1-mockfile.bin size=2097152
2026-08-25T10:11:26.183138Z  INFO smart_dl_daemon::state: [bugb] sink transfer enter task=t1-mockfile.bin name=Some("mockfile.bin") dest_root="E:/Code/ai/smart-downloader/out/bugb/run-A-20260825-180722/downloads"
2026-08-25T10:11:26.210118Z  INFO smart_dl_daemon::state: [bugb] sink transfer http.add OK tid=t1-mockfile.bin → poll loop
2026-08-25T10:11:26.210963Z  INFO smart_dl_daemon::state: [bugb] sink first-poll tid=t1-mockfile.bin state="t1-mockfile.bin" done=0/2097152
2026-08-25T10:11:26.556873Z  INFO smart_dl_daemon::serve: [bugb] watchdog alive uptime_ms=242620
2026-08-25T10:11:26.772900Z  INFO smart_dl_daemon::state: [bugb] sink terminal tid=t1-mockfile.bin ok=false
2026-08-25T10:11:26.774088Z  INFO smart_dl_daemon::state: [bugb] sink engine.remove done tid=t1-mockfile.bin
