127.0.0.1 - - [25/Aug/2026 18:47:16] "HEAD /mockfile.bin HTTP/1.1" 200 -
127.0.0.1 - - [25/Aug/2026 18:51:18] "GET /mockfile.bin HTTP/1.1" 200 -
----------------------------------------
127.0.0.1 - - [25/Aug/2026 18:51:18] "GET /mockfile.bin HTTP/1.1" 200 -
Exception occurred during processing of request from ('127.0.0.1', 53479)
127.0.0.1 - - [25/Aug/2026 18:51:18] "GET /mockfile.bin HTTP/1.1" 200 -
----------------------------------------
Traceback (most recent call last):
Exception occurred during processing of request from ('127.0.0.1', 53480)
----------------------------------------
  File "C:\Users\yezi6\AppData\Local\Programs\Python\Python313\Lib\socketserver.py", line 697, in process_request_thread
    self.finish_request(request, client_address)
    ~~~~~~~~~~~~~~~~~~~^^^^^^^^^^^^^^^^^^^^^^^^^
Exception occurred during processing of request from ('127.0.0.1', 53481)
  File "C:\Users\yezi6\AppData\Local\Programs\Python\Python313\Lib\http\server.py", line 1317, in finish_request
    self.RequestHandlerClass(request, client_address, self,
    ~~~~~~~~~~~~~~~~~~~~~~~~^^^^^^^^^^^^^^^^^^^^^^^^^^^^^^^
                             directory=args.directory)
                             ^^^^^^^^^^^^^^^^^^^^^^^^^
Traceback (most recent call last):
  File "C:\Users\yezi6\AppData\Local\Programs\Python\Python313\Lib\http\server.py", line 672, in __init__
    super().__init__(*args, **kwargs)
    ~~~~~~~~~~~~~~~~^^^^^^^^^^^^^^^^^
  File "C:\Users\yezi6\AppData\Local\Programs\Python\Python313\Lib\socketserver.py", line 697, in process_request_thread
    self.finish_request(request, client_address)
    ~~~~~~~~~~~~~~~~~~~^^^^^^^^^^^^^^^^^^^^^^^^^
  File "C:\Users\yezi6\AppData\Local\Programs\Python\Python313\Lib\socketserver.py", line 766, in __init__
    self.handle()
    ~~~~~~~~~~~^^
  File "C:\Users\yezi6\AppData\Local\Programs\Python\Python313\Lib\http\server.py", line 1317, in finish_request
    self.RequestHandlerClass(request, client_address, self,
    ~~~~~~~~~~~~~~~~~~~~~~~~^^^^^^^^^^^^^^^^^^^^^^^^^^^^^^^
                             directory=args.directory)
                             ^^^^^^^^^^^^^^^^^^^^^^^^^
  File "C:\Users\yezi6\AppData\Local\Programs\Python\Python313\Lib\http\server.py", line 436, in handle
    self.handle_one_request()
    ~~~~~~~~~~~~~~~~~~~~~~~^^
  File "C:\Users\yezi6\AppData\Local\Programs\Python\Python313\Lib\http\server.py", line 672, in __init__
    super().__init__(*args, **kwargs)
    ~~~~~~~~~~~~~~~~^^^^^^^^^^^^^^^^^
Traceback (most recent call last):
  File "C:\Users\yezi6\AppData\Local\Programs\Python\Python313\Lib\http\server.py", line 424, in handle_one_request
    method()
    ~~~~~~^^
  File "C:\Users\yezi6\AppData\Local\Programs\Python\Python313\Lib\http\server.py", line 679, in do_GET
    self.copyfile(f, self.wfile)
    ~~~~~~~~~~~~~^^^^^^^^^^^^^^^
  File "C:\Users\yezi6\AppData\Local\Programs\Python\Python313\Lib\socketserver.py", line 697, in process_request_thread
    self.finish_request(request, client_address)
    ~~~~~~~~~~~~~~~~~~~^^^^^^^^^^^^^^^^^^^^^^^^^
  File "C:\Users\yezi6\AppData\Local\Programs\Python\Python313\Lib\http\server.py", line 878, in copyfile
    shutil.copyfileobj(source, outputfile)
    ~~~~~~~~~~~~~~~~~~^^^^^^^^^^^^^^^^^^^^
  File "C:\Users\yezi6\AppData\Local\Programs\Python\Python313\Lib\http\server.py", line 1317, in finish_request
    self.RequestHandlerClass(request, client_address, self,
    ~~~~~~~~~~~~~~~~~~~~~~~~^^^^^^^^^^^^^^^^^^^^^^^^^^^^^^^
                             directory=args.directory)
                             ^^^^^^^^^^^^^^^^^^^^^^^^^
  File "C:\Users\yezi6\AppData\Local\Programs\Python\Python313\Lib\socketserver.py", line 766, in __init__
    self.handle()
    ~~~~~~~~~~~^^
  File "C:\Users\yezi6\AppData\Local\Programs\Python\Python313\Lib\http\server.py", line 672, in __init__
    super().__init__(*args, **kwargs)
    ~~~~~~~~~~~~~~~~^^^^^^^^^^^^^^^^^
  File "C:\Users\yezi6\AppData\Local\Programs\Python\Python313\Lib\shutil.py", line 204, in copyfileobj
    fdst_write(buf)
    ~~~~~~~~~~^^^^^
  File "C:\Users\yezi6\AppData\Local\Programs\Python\Python313\Lib\socketserver.py", line 845, in write
    self._sock.sendall(b)
    ~~~~~~~~~~~~~~~~~~^^^
  File "C:\Users\yezi6\AppData\Local\Programs\Python\Python313\Lib\socketserver.py", line 766, in __init__
    self.handle()
    ~~~~~~~~~~~^^
  File "C:\Users\yezi6\AppData\Local\Programs\Python\Python313\Lib\http\server.py", line 436, in handle
    self.handle_one_request()
    ~~~~~~~~~~~~~~~~~~~~~~~^^
  File "C:\Users\yezi6\AppData\Local\Programs\Python\Python313\Lib\http\server.py", line 424, in handle_one_request
    method()
    ~~~~~~^^
ConnectionAbortedError: [WinError 10053] 你的主机中的软件中止了一个已建立的连接。
  File "C:\Users\yezi6\AppData\Local\Programs\Python\Python313\Lib\http\server.py", line 679, in do_GET
    self.copyfile(f, self.wfile)
    ~~~~~~~~~~~~~^^^^^^^^^^^^^^^
----------------------------------------
  File "C:\Users\yezi6\AppData\Local\Programs\Python\Python313\Lib\http\server.py", line 878, in copyfile
    shutil.copyfileobj(source, outputfile)
    ~~~~~~~~~~~~~~~~~~^^^^^^^^^^^^^^^^^^^^
  File "C:\Users\yezi6\AppData\Local\Programs\Python\Python313\Lib\http\server.py", line 436, in handle
    self.handle_one_request()
    ~~~~~~~~~~~~~~~~~~~~~~~^^
  File "C:\Users\yezi6\AppData\Local\Programs\Python\Python313\Lib\shutil.py", line 204, in copyfileobj
    fdst_write(buf)
    ~~~~~~~~~~^^^^^
  File "C:\Users\yezi6\AppData\Local\Programs\Python\Python313\Lib\socketserver.py", line 845, in write
    self._sock.sendall(b)
    ~~~~~~~~~~~~~~~~~~^^^
ConnectionAbortedError: [WinError 10053] 你的主机中的软件中止了一个已建立的连接。
----------------------------------------
  File "C:\Users\yezi6\AppData\Local\Programs\Python\Python313\Lib\http\server.py", line 424, in handle_one_request
    method()
    ~~~~~~^^
  File "C:\Users\yezi6\AppData\Local\Programs\Python\Python313\Lib\http\server.py", line 679, in do_GET
    self.copyfile(f, self.wfile)
    ~~~~~~~~~~~~~^^^^^^^^^^^^^^^
  File "C:\Users\yezi6\AppData\Local\Programs\Python\Python313\Lib\http\server.py", line 878, in copyfile
    shutil.copyfileobj(source, outputfile)
    ~~~~~~~~~~~~~~~~~~^^^^^^^^^^^^^^^^^^^^
  File "C:\Users\yezi6\AppData\Local\Programs\Python\Python313\Lib\shutil.py", line 204, in copyfileobj
    fdst_write(buf)
    ~~~~~~~~~~^^^^^
  File "C:\Users\yezi6\AppData\Local\Programs\Python\Python313\Lib\socketserver.py", line 845, in write
    self._sock.sendall(b)
    ~~~~~~~~~~~~~~~~~~^^^
ConnectionAbortedError: [WinError 10053] 你的主机中的软件中止了一个已建立的连接。
----------------------------------------
